{
  "method": "manual 4 cap screw correspondences + similarity; Z datum from cap plane",
  "source_glb": "Scaniverse 2026-10-04 205850.glb",
  "scale_mm_per_source_unit": 989.4038947823237,
  "scale_relative_to_meters": 0.9894038947823237,
  "R_source_to_cad": [
    [
      0.9971729216298107,
      0.005509003957016588,
      0.07493874327521163
    ],
    [
      0.07502077953259467,
      -0.01660743965578981,
      -0.9970436678432897
    ],
    [
      -0.004248176854643207,
      0.9998469101934948,
      -0.01697377889365858
    ]
  ],
  "t_source_to_cad_mm": [
    7.6700597269060395,
    63.296571060572994,
    -11.968555448134726
  ],
  "coordinate_definition": "X photo right, Y toward back rail, Z up; native C92 construction frame in mm",
  "manual_top_view_pixels": [
    [
      321,
      391
    ],
    [
      946,
      440
    ],
    [
      291,
      802
    ],
    [
      916,
      848
    ]
  ],
  "scan_correspondences_raw": [
    [
      -0.04865208260478282,
      0.04149475898043142,
      0.0348062494787027
    ],
    [
      0.026868750394974494,
      0.04184470695867781,
      0.04072708394160973
    ],
    [
      -0.05227708411740556,
      0.04225100504592816,
      0.0844687512581952
    ],
    [
      0.02324374999948553,
      0.04273768169541858,
      0.09002708333348108
    ]
  ],
  "cad_correspondences_mm": [
    [
      -37.5,
      24.5,
      29.4
    ],
    [
      37.5,
      24.5,
      29.4
    ],
    [
      -37.5,
      -24.5,
      29.4
    ],
    [
      37.5,
      -24.5,
      29.4
    ]
  ],
  "datum_residual_xyz_mm": [
    [
      -0.02354350187368226,
      0.16787881499183044,
      -0.6998052651772433
    ],
    [
      -0.07327236463695641,
      -0.07305140919554987,
      -0.7704787663556409
    ],
    [
      0.08633799742863602,
      -0.10462578220488439,
      -0.7704787663556338
    ],
    [
      0.01047786908199555,
      0.009798376408603815,
      -0.6998052651772362
    ]
  ],
  "datum_xy_rms_mm": 0.1204673595120264,
  "cap_datum_z_shift_mm": -0.7351420157664457,
  "cap_points": 426,
  "cap_height_p10_p50_p90_mm": [
    26.77304797640056,
    27.1,
    27.52750063040789
  ],
  "limitations": "Screw center picks are manual; nominal hardware height is not metrology. No independent instrument scale calibration."
}
