cot_L valid True solids 1 volume 4954.903962164712
foam_L valid True solids 1 volume 9482.197952536704
band_L valid True solids 1 volume 471.1400852537661
cot_R valid True solids 1 volume 5044.37788658453
foam_R valid True solids 1 volume 12305.122597562075
band_R valid True solids 1 volume 582.0787873119243
{
  "cot_L": {
    "valid_after_step_reimport": true,
    "solids": 1,
    "volume_mm3": 4954.903962163011,
    "relative_volume_roundtrip_error": 3.432468328956966e-13,
    "mesh_vertices": 4226,
    "mesh_faces": 8448,
    "mesh_watertight": true,
    "mesh_volume_relative_error": 0.005912341409720329
  },
  "foam_L": {
    "valid_after_step_reimport": true,
    "solids": 1,
    "volume_mm3": 9482.197952531507,
    "relative_volume_roundtrip_error": 5.480641463027288e-13,
    "mesh_vertices": 2403,
    "mesh_faces": 4802,
    "mesh_watertight": true,
    "mesh_volume_relative_error": 0.001389369815878111
  },
  "band_L": {
    "valid_after_step_reimport": true,
    "solids": 1,
    "volume_mm3": 471.14008525237386,
    "relative_volume_roundtrip_error": 2.9549789082137566e-12,
    "mesh_vertices": 508,
    "mesh_faces": 1016,
    "mesh_watertight": true,
    "mesh_volume_relative_error": 0.017935476099464793
  },
  "cot_R": {
    "valid_after_step_reimport": true,
    "solids": 1,
    "volume_mm3": 5044.3778865837785,
    "relative_volume_roundtrip_error": 1.4892671416674803e-13,
    "mesh_vertices": 4226,
    "mesh_faces": 8448,
    "mesh_watertight": true,
    "mesh_volume_relative_error": 0.0030314608254323593
  },
  "foam_R": {
    "valid_after_step_reimport": true,
    "solids": 1,
    "volume_mm3": 12305.122597562404,
    "relative_volume_roundtrip_error": 2.675609929372255e-14,
    "mesh_vertices": 4696,
    "mesh_faces": 9388,
    "mesh_watertight": true,
    "mesh_volume_relative_error": 0.00032819665754540837
  },
  "band_R": {
    "valid_after_step_reimport": true,
    "solids": 1,
    "volume_mm3": 582.0787872668934,
    "relative_volume_roundtrip_error": 7.736221050441762e-11,
    "mesh_vertices": 492,
    "mesh_faces": 984,
    "mesh_watertight": true,
    "mesh_volume_relative_error": 0.018617195876352896
  }
}
