L cot points 1117
R cot points 1086
{
  "units": "mm",
  "components": {
    "cot_L": {
      "cx0": -23.876930090089658,
      "cy0": -2.5935425482487573,
      "rx_base": 9.090446681582401,
      "ry_base": 8.178003100993644,
      "rx_shoulder": 8.254008707136109,
      "ry_shoulder": 8.594213164735349,
      "z_shoulder": 75.5762969651425,
      "z_tip": 87.42484527035818,
      "tilt_x_per_z": 0.076862312945122,
      "tilt_y_per_z": -0.006504059808791707,
      "yaw_rad": 0.9659563082796419,
      "z_base": 61.7,
      "fit_points": 1117,
      "fit_abs_residual_median_mm": 0.26765066350038125,
      "fit_abs_residual_p95_mm": 0.8974315858867944,
      "trials": [
        {
          "start": 0,
          "cost": 0.10943307325863456,
          "success": true,
          "nfev": 22
        },
        {
          "start": 1,
          "cost": 0.10943307333063634,
          "success": true,
          "nfev": 22
        },
        {
          "start": 2,
          "cost": 0.1094330731198675,
          "success": true,
          "nfev": 23
        },
        {
          "start": 3,
          "cost": 0.10943307306767053,
          "success": true,
          "nfev": 25
        },
        {
          "start": 4,
          "cost": 0.109433073055624,
          "success": true,
          "nfev": 26
        },
        {
          "start": 5,
          "cost": 0.10943307317391705,
          "success": true,
          "nfev": 23
        },
        {
          "start": 6,
          "cost": 0.10943307327499628,
          "success": true,
          "nfev": 22
        },
        {
          "start": 7,
          "cost": 0.10943307337403138,
          "success": true,
          "nfev": 21
        },
        {
          "start": 8,
          "cost": 0.1094330731741765,
          "success": true,
          "nfev": 19
        },
        {
          "start": 9,
          "cost": 0.10943307328067312,
          "success": true,
          "nfev": 21
        },
        {
          "start": 10,
          "cost": 0.10943307319556458,
          "success": true,
          "nfev": 24
        },
        {
          "start": 11,
          "cost": 0.10943307331556654,
          "success": true,
          "nfev": 21
        }
      ]
    },
    "foam_L": {
      "source_sections": [
        {
          "z": 41.5,
          "count": 162,
          "xy_q03_q97": [
            [
              -37.842607395851935,
              -14.355979264129608
            ],
            [
              -17.2173540872498,
              13.331071654264075
            ]
          ]
        },
        {
          "z": 45.0,
          "count": 276,
          "xy_q03_q97": [
            [
              -38.64105601505625,
              -13.679780772644442
            ],
            [
              -17.376227899999844,
              13.172225233809044
            ]
          ]
        },
        {
          "z": 48.5,
          "count": 344,
          "xy_q03_q97": [
            [
              -39.718231807023905,
              -13.393286945584522
            ],
            [
              -17.38765549186812,
              11.519942033384034
            ]
          ]
        },
        {
          "z": 51.5,
          "count": 314,
          "xy_q03_q97": [
            [
              -37.754168843798944,
              -12.641918875473896
            ],
            [
              -17.252661608387758,
              9.061289740038502
            ]
          ]
        },
        {
          "z": 55.0,
          "count": 155,
          "xy_q03_q97": [
            [
              -32.38586049564742,
              -11.966989677550982
            ],
            [
              -16.38273535069758,
              5.84322891577048
            ]
          ]
        },
        {
          "z": 59.35,
          "count": 216,
          "xy_q03_q97": [
            [
              -33.07815411980233,
              -12.517441071389504
            ],
            [
              -14.459487740843034,
              4.807758757481204
            ]
          ]
        }
      ],
      "approximation": "stepped rounded rectangular envelope; fitted from these sections"
    },
    "band_L": {
      "source_points": 371,
      "bounds_q03_q97": [
        [
          -38.381742687735034,
          -19.096161421891694,
          35.32517173806035
        ],
        [
          -18.697729553931175,
          17.796819505958847,
          42.24010588486024
        ]
      ]
    },
    "cot_R": {
      "cx0": 15.898913212999602,
      "cy0": -3.2975426359849287,
      "rx_base": 8.442905271305307,
      "ry_base": 10.293900369990421,
      "rx_shoulder": 6.850845553652841,
      "ry_shoulder": 8.325729923169899,
      "z_shoulder": 81.0715503733533,
      "z_tip": 87.73312335356336,
      "tilt_x_per_z": -0.07493396193262493,
      "tilt_y_per_z": 0.1272498477608935,
      "yaw_rad": 0.393884836588474,
      "z_base": 62.2,
      "fit_points": 1086,
      "fit_abs_residual_median_mm": 0.3033877929319726,
      "fit_abs_residual_p95_mm": 1.0220698634561103,
      "trials": [
        {
          "start": 0,
          "cost": 0.13392525128644686,
          "success": true,
          "nfev": 18
        },
        {
          "start": 1,
          "cost": 0.1339252459327777,
          "success": true,
          "nfev": 20
        },
        {
          "start": 2,
          "cost": 0.13392525400593064,
          "success": true,
          "nfev": 24
        },
        {
          "start": 3,
          "cost": 0.13392524563531963,
          "success": true,
          "nfev": 23
        },
        {
          "start": 4,
          "cost": 0.13392524755249102,
          "success": true,
          "nfev": 22
        },
        {
          "start": 5,
          "cost": 0.1339252455130804,
          "success": true,
          "nfev": 23
        },
        {
          "start": 6,
          "cost": 0.13392524620946983,
          "success": true,
          "nfev": 21
        },
        {
          "start": 7,
          "cost": 0.1339252509875501,
          "success": true,
          "nfev": 21
        },
        {
          "start": 8,
          "cost": 0.13392524852128163,
          "success": true,
          "nfev": 24
        },
        {
          "start": 9,
          "cost": 0.1339252451259227,
          "success": true,
          "nfev": 26
        },
        {
          "start": 10,
          "cost": 0.1339252459317332,
          "success": true,
          "nfev": 26
        },
        {
          "start": 11,
          "cost": 0.13392524706532496,
          "success": true,
          "nfev": 21
        }
      ]
    },
    "foam_R": {
      "source_sections": [
        {
          "z": 41.5,
          "count": 185,
          "xy_q03_q97": [
            [
              12.027103916839712,
              -16.09484617508114
            ],
            [
              33.964654167358454,
              10.306088372822948
            ]
          ]
        },
        {
          "z": 45.0,
          "count": 211,
          "xy_q03_q97": [
            [
              11.470002350976868,
              -13.379982041385839
            ],
            [
              32.65773972214804,
              13.235677204026814
            ]
          ]
        },
        {
          "z": 48.5,
          "count": 145,
          "xy_q03_q97": [
            [
              10.51296839275351,
              -13.195136562374
            ],
            [
              32.47736279373704,
              12.625553332283507
            ]
          ]
        },
        {
          "z": 51.5,
          "count": 233,
          "xy_q03_q97": [
            [
              10.044147764699895,
              -13.508891981020243
            ],
            [
              31.147526807068868,
              11.142637596630456
            ]
          ]
        },
        {
          "z": 55.0,
          "count": 513,
          "xy_q03_q97": [
            [
              9.466894774947733,
              -13.32051989453055
            ],
            [
              30.960662319050464,
              9.376986709494949
            ]
          ]
        },
        {
          "z": 59.6,
          "count": 191,
          "xy_q03_q97": [
            [
              7.185747226704526,
              -13.840664372169694
            ],
            [
              25.697892421694693,
              5.936625691849337
            ]
          ]
        }
      ],
      "approximation": "stepped rounded rectangular envelope; fitted from these sections"
    },
    "band_R": {
      "source_points": 432,
      "bounds_q03_q97": [
        [
          12.020999935210616,
          -18.976237752977976,
          34.20747745003375
        ],
        [
          32.9955553814395,
          18.63375102628166,
          42.394269713527606
        ]
      ]
    }
  },
  "notes": [
    "Six exterior-occupancy components; finger cots are solid envelopes, not measured wall thickness.",
    "Left/right labels refer to provided photograph. Geometry is not forced symmetric.",
    "No hidden internal core or unconfirmed separate contact pads are invented.",
    "Color thresholds plus explicit spatial regions constitute manual-assisted annotation, not SAM/BiRefNet inference."
  ]
}
